Scans encontrados : 300  (se procesan 300)
Voxel TSDF / ICP  : 0.1 m / 1 m
Rango             : [1, 60] m
Filtro            : escalar
Compilador        : 13.3.0
Optimizaciones    : NATIVE=0 LTO=0 SOA_ALIGNED=0
Pipeline          : prefetch

  [   0]   65536 ->   57269 pts      77.8 ms       67 MiB
  [  10]   65536 ->   57244 pts     121.4 ms       96 MiB
  [  20]   65536 ->   56950 pts      80.9 ms       98 MiB
  [  30]   65536 ->   56945 pts      94.9 ms      101 MiB
  [  40]   65536 ->   56454 pts      88.8 ms      103 MiB
  [  50]   65536 ->   56687 pts     118.2 ms      105 MiB
  [  60]   65536 ->   56751 pts     110.5 ms      108 MiB
  [  70]   65536 ->   56419 pts      98.1 ms      110 MiB
  [  80]   65536 ->   56429 pts      95.7 ms      111 MiB
  [  90]   65536 ->   55948 pts     128.6 ms      113 MiB
  [ 100]   65536 ->   56222 pts     124.1 ms      114 MiB
  [ 110]   65536 ->   56157 pts     106.2 ms      115 MiB
  [ 120]   65536 ->   55769 pts     115.5 ms      116 MiB
  [ 130]   65536 ->   55892 pts      83.3 ms      117 MiB
  [ 140]   65536 ->   55656 pts      85.1 ms      118 MiB
  [ 150]   65536 ->   54967 pts      90.6 ms      119 MiB
  [ 160]   65536 ->   54486 pts     106.9 ms      120 MiB
  [ 170]   65536 ->   54481 pts      79.7 ms      121 MiB
  [ 180]   65536 ->   53447 pts      65.5 ms      122 MiB
  [ 190]   65536 ->   53182 pts      52.0 ms      124 MiB
  [ 200]   65536 ->   53484 pts      47.3 ms      124 MiB
  [ 210]   65536 ->   53358 pts      55.8 ms      126 MiB
  [ 220]   65536 ->   53962 pts      49.4 ms      127 MiB
  [ 230]   65536 ->   53697 pts      58.2 ms      129 MiB
  [ 240]   65536 ->   53704 pts      53.7 ms      131 MiB
  [ 250]   65536 ->   54038 pts      60.1 ms      132 MiB
  [ 260]   65536 ->   53890 pts      52.7 ms      134 MiB
  [ 270]   65536 ->   53544 pts      72.6 ms      137 MiB
  [ 280]   65536 ->   53328 pts      59.3 ms      139 MiB
  [ 290]   65536 ->   53294 pts      65.6 ms      142 MiB
  [ 299]   65536 ->   53339 pts      98.1 ms      144 MiB

Extrayendo malla (101 repeticion(es))...
Malla: 851194 vertices, 1476686 triangulos
Guardada en: results/opt-pc1-nicole/prefetch/mesh.ply  (escritura 1181.1 ms)

Tiempo de pared por etapa (300 muestras, ms):
  etapa          media      std      p50      p95      max
  read            1.25     0.28     1.10     1.63     2.43
  filter          0.32     0.04     0.31     0.38     0.58
  convert         0.20     0.05     0.19     0.23     0.75
  register       44.69    23.43    44.45    86.65   115.07
  transform       1.35     0.07     1.34     1.44     1.81
  integrate      38.57     4.39    37.84    45.24    61.49
  TOTAL/scan     86.38    26.31    87.81   129.80   154.84

Extraccion de malla (101 muestras, ms):
  mesh         1130.81   143.34  1070.29  1420.57  1791.67

Ciclo de scans: 25409.1 ms en total, 11.81 scans/s (pipeline prefetch)

Memoria: RSS final 351 MiB, pico 350 MiB
Tiempos por scan en: results/opt-pc1-nicole/prefetch/timings.csv
Tiempos de malla en: results/opt-pc1-nicole/prefetch/mesh.csv
	Command being timed: "build-base/recon --scans data/ncd_sample/scans --out results/opt-pc1-nicole/prefetch/mesh.ply --timing-csv results/opt-pc1-nicole/prefetch/timings.csv --mesh-csv results/opt-pc1-nicole/prefetch/mesh.csv --mesh-repeats 101 --pipeline prefetch --icp-voxel 1.0"
	User time (seconds): 171.24
	System time (seconds): 1.19
	Percent of CPU this job got: 122%
	Elapsed (wall clock) time (h:mm:ss or m:ss): 2:20.91
	Average shared text size (kbytes): 0
	Average unshared data size (kbytes): 0
	Average stack size (kbytes): 0
	Average total size (kbytes): 0
	Maximum resident set size (kbytes): 359236
	Average resident set size (kbytes): 0
	Major (requiring I/O) page faults: 0
	Minor (reclaiming a frame) page faults: 118152
	Voluntary context switches: 4428
	Involuntary context switches: 30787
	Swaps: 0
	File system inputs: 8
	File system outputs: 99296
	Socket messages sent: 0
	Socket messages received: 0
	Signals delivered: 0
	Page size (bytes): 4096
	Exit status: 0
