Scans encontrados : 300  (se procesan 300)
Voxel TSDF / ICP  : 0.1 m / 1 m
Rango             : [1, 60] m
Filtro            : NEON
Compilador        : 11.4.0
Optimizaciones    : NATIVE=1 LTO=1 SOA_ALIGNED=1
Pipeline          : full

  [   0]   65536 ->   57269 pts     623.2 ms       81 MiB
  [  10]   65536 ->   57244 pts     990.1 ms      100 MiB
  [  20]   65536 ->   56950 pts     862.4 ms      105 MiB
  [  30]   65536 ->   56945 pts    1047.2 ms      107 MiB
  [  40]   65536 ->   56454 pts     762.5 ms      109 MiB
  [  50]   65536 ->   56687 pts     954.8 ms      111 MiB
  [  60]   65536 ->   56751 pts     909.8 ms      115 MiB
  [  70]   65536 ->   56419 pts    1012.7 ms      116 MiB
  [  80]   65536 ->   56429 pts     976.2 ms      118 MiB
  [  90]   65536 ->   55948 pts    1263.5 ms      119 MiB
  [ 100]   65536 ->   56222 pts    1214.6 ms      120 MiB
  [ 110]   65536 ->   56157 pts    1056.9 ms      121 MiB
  [ 120]   65536 ->   55769 pts    1138.9 ms      122 MiB
  [ 130]   65536 ->   55892 pts     777.3 ms      124 MiB
  [ 140]   65536 ->   55656 pts     814.8 ms      124 MiB
  [ 150]   65536 ->   54967 pts     846.0 ms      126 MiB
  [ 160]   65536 ->   54486 pts     693.0 ms      127 MiB
  [ 170]   65536 ->   54481 pts     643.3 ms      128 MiB
  [ 180]   65536 ->   53447 pts     678.8 ms      129 MiB
  [ 190]   65536 ->   53183 pts     365.5 ms      131 MiB
  [ 200]   65536 ->   53484 pts     325.1 ms      132 MiB
  [ 210]   65536 ->   53358 pts     390.3 ms      133 MiB
  [ 220]   65536 ->   53962 pts     365.0 ms      135 MiB
  [ 230]   65536 ->   53697 pts     427.4 ms      137 MiB
  [ 240]   65536 ->   53704 pts     387.1 ms      138 MiB
  [ 250]   65536 ->   54038 pts     452.6 ms      140 MiB
  [ 260]   65536 ->   53890 pts     376.9 ms      142 MiB
  [ 270]   65536 ->   53544 pts     599.3 ms      143 MiB
  [ 280]   65536 ->   53328 pts     440.5 ms      145 MiB
  [ 290]   65536 ->   53294 pts     505.3 ms      149 MiB
  [ 299]   65536 ->   53339 pts     800.2 ms      147 MiB

Extrayendo malla (101 repeticion(es))...
Malla: 851194 vertices, 1476683 triangulos
Guardada en: results/opt-kria-gonzalo/all/mesh.ply  (escritura 8957.1 ms)

Tiempo de pared por etapa (300 muestras, ms):
  etapa          media      std      p50      p95      max
  read            4.09     0.70     3.94     4.86    11.95
  filter          1.83     0.43     1.83     2.04     8.65
  convert         1.07     0.11     1.05     1.21     2.30
  register      441.15   256.02   424.70   878.71  1203.17
  transform       4.17     0.12     4.17     4.35     4.57
  integrate     307.01    70.46   301.06   425.22   563.50
  TOTAL/scan    759.31   308.26   738.22  1262.25  1546.22

Extraccion de malla (101 muestras, ms):
  mesh         4232.25    48.88  4212.64  4303.48  4456.35

Ciclo de scans: 138715.4 ms en total, 2.16 scans/s (pipeline full)

Memoria: RSS final 329 MiB, pico 329 MiB
Tiempos por scan en: results/opt-kria-gonzalo/all/timings.csv
Tiempos de malla en: results/opt-kria-gonzalo/all/mesh.csv
	Command being timed: "build-all/recon --scans data/ncd_sample/scans --out results/opt-kria-gonzalo/all/mesh.ply --timing-csv results/opt-kria-gonzalo/all/timings.csv --mesh-csv results/opt-kria-gonzalo/all/mesh.csv --mesh-repeats 101 --pipeline full --icp-voxel 1.0"
	User time (seconds): 863.19
	System time (seconds): 16.18
	Percent of CPU this job got: 152%
	Elapsed (wall clock) time (h:mm:ss or m:ss): 9:35.35
	Average shared text size (kbytes): 0
	Average unshared data size (kbytes): 0
	Average stack size (kbytes): 0
	Average total size (kbytes): 0
	Maximum resident set size (kbytes): 337552
	Average resident set size (kbytes): 0
	Major (requiring I/O) page faults: 0
	Minor (reclaiming a frame) page faults: 641685
	Voluntary context switches: 23201
	Involuntary context switches: 472697
	Swaps: 0
	File system inputs: 0
	File system outputs: 99312
	Socket messages sent: 0
	Socket messages received: 0
	Signals delivered: 0
	Page size (bytes): 4096
	Exit status: 0
