Scans encontrados : 300  (se procesan 300)
Voxel TSDF / ICP  : 0.1 m / 1 m
Rango             : [1, 60] m
Filtro            : NEON
Compilador        : 11.4.0
Optimizaciones    : NATIVE=0 LTO=0 SOA_ALIGNED=0
Pipeline          : off

  [   0]   65536 ->   57269 pts     404.1 ms       54 MiB
  [  10]   65536 ->   57244 pts     770.8 ms       81 MiB
  [  20]   65536 ->   56950 pts     552.8 ms       84 MiB
  [  30]   65536 ->   56945 pts     642.3 ms       86 MiB
  [  40]   65536 ->   56454 pts     608.2 ms       89 MiB
  [  50]   65536 ->   56687 pts     777.6 ms       91 MiB
  [  60]   65536 ->   56751 pts     770.7 ms       93 MiB
  [  70]   65536 ->   56419 pts     653.5 ms       96 MiB
  [  80]   65536 ->   56429 pts     645.6 ms       97 MiB
  [  90]   65536 ->   55948 pts     856.9 ms       98 MiB
  [ 100]   65536 ->   56222 pts     837.5 ms       99 MiB
  [ 110]   65536 ->   56157 pts     725.9 ms      101 MiB
  [ 120]   65536 ->   55769 pts     782.0 ms      101 MiB
  [ 130]   65536 ->   55892 pts     553.3 ms      102 MiB
  [ 140]   65536 ->   55656 pts     593.7 ms      103 MiB
  [ 150]   65536 ->   54967 pts     603.4 ms      104 MiB
  [ 160]   65536 ->   54486 pts     633.2 ms      105 MiB
  [ 170]   65536 ->   54481 pts     551.7 ms      106 MiB
  [ 180]   65536 ->   53447 pts     424.1 ms      107 MiB
  [ 190]   65536 ->   53183 pts     340.6 ms      108 MiB
  [ 200]   65536 ->   53484 pts     318.2 ms      110 MiB
  [ 210]   65536 ->   53358 pts     364.3 ms      111 MiB
  [ 220]   65536 ->   53962 pts     329.7 ms      112 MiB
  [ 230]   65536 ->   53697 pts     393.4 ms      114 MiB
  [ 240]   65536 ->   53704 pts     363.7 ms      116 MiB
  [ 250]   65536 ->   54038 pts     409.2 ms      117 MiB
  [ 260]   65536 ->   53890 pts     351.4 ms      119 MiB
  [ 270]   65536 ->   53544 pts     513.3 ms      121 MiB
  [ 280]   65536 ->   53328 pts     403.3 ms      124 MiB
  [ 290]   65536 ->   53294 pts     449.3 ms      126 MiB
  [ 299]   65536 ->   53339 pts     699.1 ms      128 MiB

Extrayendo malla (101 repeticion(es))...
Malla: 851194 vertices, 1476683 triangulos
Guardada en: results/opt-kria-gonzalo-base-rerun/base/mesh.ply  (escritura 8801.8 ms)

Tiempo de pared por etapa (300 muestras, ms):
  etapa          media      std      p50      p95      max
  read            4.99     0.22     4.97     5.06     8.19
  filter          2.21     0.10     2.20     2.35     2.80
  convert         0.82     0.10     0.82     0.90     2.42
  register      307.21   167.01   306.12   598.26   944.98
  transform       4.30     0.13     4.31     4.48     5.02
  integrate     259.92    20.76   251.15   288.15   346.44
  TOTAL/scan    579.45   180.90   572.69   881.57  1255.93

Extraccion de malla (101 muestras, ms):
  mesh         4830.19    30.43  4825.17  4828.94  5098.31

Ciclo de scans: 173923.1 ms en total, 1.72 scans/s (pipeline off)

Memoria: RSS final 333 MiB, pico 333 MiB
Tiempos por scan en: results/opt-kria-gonzalo-base-rerun/base/timings.csv
Tiempos de malla en: results/opt-kria-gonzalo-base-rerun/base/mesh.csv
	Command being timed: "build-base/recon --scans data/ncd_sample/scans --out results/opt-kria-gonzalo-base-rerun/base/mesh.ply --timing-csv results/opt-kria-gonzalo-base-rerun/base/timings.csv --mesh-csv results/opt-kria-gonzalo-base-rerun/base/mesh.csv --mesh-repeats 101 --pipeline off --icp-voxel 1.0"
	User time (seconds): 916.66
	System time (seconds): 8.07
	Percent of CPU this job got: 137%
	Elapsed (wall clock) time (h:mm:ss or m:ss): 11:10.81
	Average shared text size (kbytes): 0
	Average unshared data size (kbytes): 0
	Average stack size (kbytes): 0
	Average total size (kbytes): 0
	Maximum resident set size (kbytes): 342644
	Average resident set size (kbytes): 0
	Major (requiring I/O) page faults: 0
	Minor (reclaiming a frame) page faults: 115462
	Voluntary context switches: 6427
	Involuntary context switches: 23000
	Swaps: 0
	File system inputs: 0
	File system outputs: 99312
	Socket messages sent: 0
	Socket messages received: 0
	Signals delivered: 0
	Page size (bytes): 4096
	Exit status: 0
