Scans encontrados : 300  (se procesan 300)
Voxel TSDF / ICP  : 0.1 m / 1 m
Rango             : [1, 60] m
Filtro            : NEON
Compilador        : 11.4.0

  [   0]   65536 ->   57269 pts     403.7 ms       55 MiB
  [  10]   65536 ->   57244 pts     758.9 ms       82 MiB
  [  20]   65536 ->   56950 pts     541.0 ms       84 MiB
  [  30]   65536 ->   56945 pts     630.1 ms       87 MiB
  [  40]   65536 ->   56454 pts     597.7 ms       90 MiB
  [  50]   65536 ->   56687 pts     762.7 ms       93 MiB
  [  60]   65536 ->   56751 pts     762.1 ms       94 MiB
  [  70]   65536 ->   56419 pts     641.2 ms       96 MiB
  [  80]   65536 ->   56429 pts     634.4 ms       98 MiB
  [  90]   65536 ->   55948 pts     841.7 ms       99 MiB
  [ 100]   65536 ->   56222 pts     823.7 ms      100 MiB
  [ 110]   65536 ->   56157 pts     714.3 ms      101 MiB
  [ 120]   65536 ->   55769 pts     770.6 ms      102 MiB
  [ 130]   65536 ->   55892 pts     541.5 ms      103 MiB
  [ 140]   65536 ->   55656 pts     582.7 ms      104 MiB
  [ 150]   65536 ->   54967 pts     595.8 ms      105 MiB
  [ 160]   65536 ->   54486 pts     622.5 ms      106 MiB
  [ 170]   65536 ->   54481 pts     539.9 ms      108 MiB
  [ 180]   65536 ->   53447 pts     413.9 ms      109 MiB
  [ 190]   65536 ->   53183 pts     333.6 ms      110 MiB
  [ 200]   65536 ->   53484 pts     306.1 ms      110 MiB
  [ 210]   65536 ->   53358 pts     351.9 ms      111 MiB
  [ 220]   65536 ->   53962 pts     317.7 ms      113 MiB
  [ 230]   65536 ->   53697 pts     389.2 ms      116 MiB
  [ 240]   65536 ->   53704 pts     353.0 ms      117 MiB
  [ 250]   65536 ->   54038 pts     398.9 ms      118 MiB
  [ 260]   65536 ->   53890 pts     340.3 ms      120 MiB
  [ 270]   65536 ->   53544 pts     496.1 ms      122 MiB
  [ 280]   65536 ->   53328 pts     392.6 ms      125 MiB
  [ 290]   65536 ->   53294 pts     438.9 ms      126 MiB
  [ 299]   65536 ->   53339 pts     689.7 ms      128 MiB

Extrayendo malla (101 repeticion(es))...
Malla: 851194 vertices, 1476683 triangulos
Guardada en: results/kria-gonzalo/mesh.ply  (escritura 8803.5 ms)

Tiempo de pared por etapa (300 muestras, ms):
  etapa          media      std      p50      p95      max
  read            4.99     0.22     4.97     5.08     8.21
  filter          2.16     0.08     2.16     2.28     2.90
  convert         0.84     0.11     0.83     0.90     2.60
  register      305.09   162.79   303.14   588.88   806.32
  transform       4.35     0.12     4.35     4.52     4.63
  integrate     249.27    20.75   241.89   276.91   344.67
  TOTAL/scan    566.71   176.73   561.31   864.50  1060.23

Extraccion de malla (101 muestras, ms):
  mesh         4843.50    34.71  4833.24  4889.67  5088.02

Memoria: RSS final 278 MiB, pico 340 MiB
Tiempos por scan en: results/kria-gonzalo/timings.csv
Tiempos de malla en: results/kria-gonzalo/mesh.csv
	Command being timed: "build/recon --scans data/ncd_sample/scans --out results/kria-gonzalo/mesh.ply --timing-csv results/kria-gonzalo/timings.csv --mesh-csv results/kria-gonzalo/mesh.csv --mesh-repeats 101 --icp-voxel 1.0"
	User time (seconds): 911.44
	System time (seconds): 10.18
	Percent of CPU this job got: 137%
	Elapsed (wall clock) time (h:mm:ss or m:ss): 11:08.32
	Average shared text size (kbytes): 0
	Average unshared data size (kbytes): 0
	Average stack size (kbytes): 0
	Average total size (kbytes): 0
	Maximum resident set size (kbytes): 349080
	Average resident set size (kbytes): 0
	Major (requiring I/O) page faults: 5
	Minor (reclaiming a frame) page faults: 446144
	Voluntary context switches: 6616
	Involuntary context switches: 17699
	Swaps: 0
	File system inputs: 592
	File system outputs: 99288
	Socket messages sent: 0
	Socket messages received: 0
	Signals delivered: 0
	Page size (bytes): 4096
	Exit status: 0
