Scans encontrados : 300  (se procesan 300)
Voxel TSDF / ICP  : 0.1 m / 1 m
Rango             : [1, 60] m
Filtro            : escalar
Compilador        : 13.3.0
Optimizaciones    : NATIVE=0 LTO=0 SOA_ALIGNED=0
Pipeline          : full

  [   0]   65536 ->   57269 pts     123.1 ms       86 MiB
  [  10]   65536 ->   57244 pts     162.9 ms      104 MiB
  [  20]   65536 ->   56950 pts     118.8 ms      106 MiB
  [  30]   65536 ->   56945 pts     154.8 ms      108 MiB
  [  40]   65536 ->   56454 pts     135.1 ms      112 MiB
  [  50]   65536 ->   56687 pts     161.7 ms      115 MiB
  [  60]   65536 ->   56751 pts     155.4 ms      117 MiB
  [  70]   65536 ->   56419 pts     137.2 ms      119 MiB
  [  80]   65536 ->   56429 pts     151.0 ms      120 MiB
  [  90]   65536 ->   55948 pts     179.4 ms      122 MiB
  [ 100]   65536 ->   56222 pts     209.9 ms      124 MiB
  [ 110]   65536 ->   56157 pts     147.3 ms      125 MiB
  [ 120]   65536 ->   55769 pts     163.7 ms      126 MiB
  [ 130]   65536 ->   55892 pts     114.3 ms      127 MiB
  [ 140]   65536 ->   55656 pts     122.3 ms      128 MiB
  [ 150]   65536 ->   54967 pts     119.7 ms      129 MiB
  [ 160]   65536 ->   54486 pts     134.5 ms      131 MiB
  [ 170]   65536 ->   54481 pts     119.6 ms      132 MiB
  [ 180]   65536 ->   53447 pts      92.9 ms      133 MiB
  [ 190]   65536 ->   53182 pts      67.4 ms      135 MiB
  [ 200]   65536 ->   53484 pts      57.9 ms      136 MiB
  [ 210]   65536 ->   53358 pts      72.5 ms      138 MiB
  [ 220]   65536 ->   53962 pts      64.1 ms      139 MiB
  [ 230]   65536 ->   53697 pts      80.1 ms      141 MiB
  [ 240]   65536 ->   53704 pts      72.5 ms      143 MiB
  [ 250]   65536 ->   54038 pts      74.6 ms      144 MiB
  [ 260]   65536 ->   53890 pts      70.3 ms      146 MiB
  [ 270]   65536 ->   53544 pts     135.3 ms      148 MiB
  [ 280]   65536 ->   53328 pts      76.8 ms      150 MiB
  [ 290]   65536 ->   53294 pts      84.8 ms      152 MiB
  [ 299]   65536 ->   53339 pts     181.5 ms      144 MiB

Extrayendo malla (101 repeticion(es))...
Malla: 851194 vertices, 1476686 triangulos
Guardada en: results/opt-pc1-nicole/full/mesh.ply  (escritura 1108.6 ms)

Tiempo de pared por etapa (300 muestras, ms):
  etapa          media      std      p50      p95      max
  read            1.51     0.55     1.42     2.43     6.20
  filter          0.40     0.20     0.36     0.60     2.51
  convert         0.26     0.28     0.23     0.36     4.22
  register       67.49    34.66    67.13   129.70   210.44
  transform       1.46     0.26     1.41     1.72     4.11
  integrate      53.44    12.27    52.71    74.80   103.58
  TOTAL/scan    124.57    42.95   126.17   197.17   269.08

Extraccion de malla (101 muestras, ms):
  mesh         1079.41    32.42  1070.27  1143.39  1204.74

Ciclo de scans: 21316.3 ms en total, 14.07 scans/s (pipeline full)

Memoria: RSS final 249 MiB, pico 341 MiB
Tiempos por scan en: results/opt-pc1-nicole/full/timings.csv
Tiempos de malla en: results/opt-pc1-nicole/full/mesh.csv
	Command being timed: "build-base/recon --scans data/ncd_sample/scans --out results/opt-pc1-nicole/full/mesh.ply --timing-csv results/opt-pc1-nicole/full/timings.csv --mesh-csv results/opt-pc1-nicole/full/mesh.csv --mesh-repeats 101 --pipeline full --icp-voxel 1.0"
	User time (seconds): 170.92
	System time (seconds): 3.51
	Percent of CPU this job got: 132%
	Elapsed (wall clock) time (h:mm:ss or m:ss): 2:11.53
	Average shared text size (kbytes): 0
	Average unshared data size (kbytes): 0
	Average stack size (kbytes): 0
	Average total size (kbytes): 0
	Maximum resident set size (kbytes): 349496
	Average resident set size (kbytes): 0
	Major (requiring I/O) page faults: 0
	Minor (reclaiming a frame) page faults: 1136285
	Voluntary context switches: 9633
	Involuntary context switches: 253515
	Swaps: 0
	File system inputs: 8
	File system outputs: 99296
	Socket messages sent: 0
	Socket messages received: 0
	Signals delivered: 0
	Page size (bytes): 4096
	Exit status: 0
