Scans encontrados : 300  (se procesan 300)
Voxel TSDF / ICP  : 0.1 m / 1 m
Rango             : [1, 60] m
Filtro            : NEON
Compilador        : 11.4.0
Optimizaciones    : NATIVE=0 LTO=1 SOA_ALIGNED=0
Pipeline          : off

  [   0]   65536 ->   57269 pts     396.0 ms       54 MiB
  [  10]   65536 ->   57244 pts     767.2 ms       81 MiB
  [  20]   65536 ->   56950 pts     547.5 ms       84 MiB
  [  30]   65536 ->   56945 pts     636.4 ms       87 MiB
  [  40]   65536 ->   56454 pts     606.7 ms       89 MiB
  [  50]   65536 ->   56687 pts     771.3 ms       91 MiB
  [  60]   65536 ->   56751 pts     765.1 ms       93 MiB
  [  70]   65536 ->   56419 pts     655.8 ms       95 MiB
  [  80]   65536 ->   56429 pts     639.9 ms       98 MiB
  [  90]   65536 ->   55948 pts     852.6 ms       98 MiB
  [ 100]   65536 ->   56222 pts     831.1 ms      100 MiB
  [ 110]   65536 ->   56157 pts     724.2 ms      100 MiB
  [ 120]   65536 ->   55769 pts     778.3 ms      101 MiB
  [ 130]   65536 ->   55892 pts     547.1 ms      103 MiB
  [ 140]   65536 ->   55656 pts     587.9 ms      103 MiB
  [ 150]   65536 ->   54967 pts     598.2 ms      105 MiB
  [ 160]   65536 ->   54486 pts     627.1 ms      105 MiB
  [ 170]   65536 ->   54481 pts     546.3 ms      106 MiB
  [ 180]   65536 ->   53447 pts     419.0 ms      107 MiB
  [ 190]   65536 ->   53183 pts     335.7 ms      108 MiB
  [ 200]   65536 ->   53484 pts     311.8 ms      109 MiB
  [ 210]   65536 ->   53358 pts     358.2 ms      111 MiB
  [ 220]   65536 ->   53962 pts     331.6 ms      112 MiB
  [ 230]   65536 ->   53697 pts     389.4 ms      114 MiB
  [ 240]   65536 ->   53704 pts     359.4 ms      116 MiB
  [ 250]   65536 ->   54038 pts     404.6 ms      117 MiB
  [ 260]   65536 ->   53890 pts     346.1 ms      119 MiB
  [ 270]   65536 ->   53544 pts     503.0 ms      121 MiB
  [ 280]   65536 ->   53328 pts     397.8 ms      124 MiB
  [ 290]   65536 ->   53294 pts     444.5 ms      125 MiB
  [ 299]   65536 ->   53339 pts     694.2 ms      127 MiB

Extrayendo malla (101 repeticion(es))...
Malla: 851194 vertices, 1476683 triangulos
Guardada en: results/opt-kria-gonzalo/lto/mesh.ply  (escritura 8945.5 ms)

Tiempo de pared por etapa (300 muestras, ms):
  etapa          media      std      p50      p95      max
  read            4.98     0.23     4.96     5.06     8.42
  filter          2.21     0.10     2.20     2.35     2.88
  convert         0.79     0.10     0.78     0.85     2.39
  register      307.46   164.36   303.74   598.38   808.93
  transform       4.19     0.11     4.19     4.36     4.46
  integrate     253.39    19.71   245.29   280.32   337.64
  TOTAL/scan    573.02   177.50   566.26   870.92  1065.88

Extraccion de malla (101 muestras, ms):
  mesh         4253.14    34.67  4249.86  4282.80  4510.75

Ciclo de scans: 171995.2 ms en total, 1.74 scans/s (pipeline off)

Memoria: RSS final 313 MiB, pico 340 MiB
Tiempos por scan en: results/opt-kria-gonzalo/lto/timings.csv
Tiempos de malla en: results/opt-kria-gonzalo/lto/mesh.csv
	Command being timed: "build-lto/recon --scans data/ncd_sample/scans --out results/opt-kria-gonzalo/lto/mesh.ply --timing-csv results/opt-kria-gonzalo/lto/timings.csv --mesh-csv results/opt-kria-gonzalo/lto/mesh.csv --mesh-repeats 101 --pipeline off --icp-voxel 1.0"
	User time (seconds): 856.26
	System time (seconds): 10.07
	Percent of CPU this job got: 141%
	Elapsed (wall clock) time (h:mm:ss or m:ss): 10:10.74
	Average shared text size (kbytes): 0
	Average unshared data size (kbytes): 0
	Average stack size (kbytes): 0
	Average total size (kbytes): 0
	Maximum resident set size (kbytes): 348376
	Average resident set size (kbytes): 0
	Major (requiring I/O) page faults: 0
	Minor (reclaiming a frame) page faults: 430376
	Voluntary context switches: 6114
	Involuntary context switches: 16695
	Swaps: 0
	File system inputs: 0
	File system outputs: 99312
	Socket messages sent: 0
	Socket messages received: 0
	Signals delivered: 0
	Page size (bytes): 4096
	Exit status: 0
