Scans encontrados : 300  (se procesan 300)
Voxel TSDF / ICP  : 0.1 m / 1 m
Rango             : [1, 60] m
Filtro            : escalar
Compilador        : 11.4.0
Optimizaciones    : NATIVE=0 LTO=0 SOA_ALIGNED=0
Pipeline          : off

  [   0]   65536 ->   57269 pts     403.6 ms       54 MiB
  [  10]   65536 ->   57244 pts     771.8 ms       81 MiB
  [  20]   65536 ->   56950 pts     553.8 ms       84 MiB
  [  30]   65536 ->   56945 pts     642.6 ms       87 MiB
  [  40]   65536 ->   56454 pts     610.8 ms       89 MiB
  [  50]   65536 ->   56687 pts     776.5 ms       91 MiB
  [  60]   65536 ->   56751 pts     775.1 ms       93 MiB
  [  70]   65536 ->   56419 pts     654.4 ms       95 MiB
  [  80]   65536 ->   56429 pts     646.2 ms       97 MiB
  [  90]   65536 ->   55948 pts     855.8 ms       98 MiB
  [ 100]   65536 ->   56222 pts     838.4 ms       99 MiB
  [ 110]   65536 ->   56157 pts     725.9 ms      100 MiB
  [ 120]   65536 ->   55769 pts     783.2 ms      102 MiB
  [ 130]   65536 ->   55892 pts     554.7 ms      103 MiB
  [ 140]   65536 ->   55656 pts     593.6 ms      103 MiB
  [ 150]   65536 ->   54967 pts     604.0 ms      105 MiB
  [ 160]   65536 ->   54486 pts     632.3 ms      105 MiB
  [ 170]   65536 ->   54481 pts     549.4 ms      106 MiB
  [ 180]   65536 ->   53447 pts     424.5 ms      107 MiB
  [ 190]   65536 ->   53183 pts     341.7 ms      109 MiB
  [ 200]   65536 ->   53484 pts     317.7 ms      110 MiB
  [ 210]   65536 ->   53358 pts     363.7 ms      111 MiB
  [ 220]   65536 ->   53962 pts     330.3 ms      112 MiB
  [ 230]   65536 ->   53697 pts     393.9 ms      115 MiB
  [ 240]   65536 ->   53704 pts     363.8 ms      116 MiB
  [ 250]   65536 ->   54038 pts     410.3 ms      118 MiB
  [ 260]   65536 ->   53890 pts     350.9 ms      120 MiB
  [ 270]   65536 ->   53544 pts     509.6 ms      122 MiB
  [ 280]   65536 ->   53328 pts     402.8 ms      123 MiB
  [ 290]   65536 ->   53294 pts     449.7 ms      125 MiB
  [ 299]   65536 ->   53339 pts     698.1 ms      128 MiB

Extrayendo malla (101 repeticion(es))...
Malla: 851194 vertices, 1476683 triangulos
Guardada en: results/opt-kria-gonzalo/noneon/mesh.ply  (escritura 8777.7 ms)

Tiempo de pared por etapa (300 muestras, ms):
  etapa          media      std      p50      p95      max
  read            4.99     0.22     4.96     5.06     8.18
  filter          2.55     0.08     2.55     2.65     3.02
  convert         0.83     0.10     0.82     0.90     2.35
  register      305.79   163.69   304.16   592.74   803.51
  transform       4.30     0.12     4.31     4.48     4.66
  integrate     260.23    20.98   251.87   288.62   345.92
  TOTAL/scan    578.69   177.84   573.27   875.10  1069.19

Extraccion de malla (101 muestras, ms):
  mesh         4851.62    34.73  4835.61  4884.67  5102.51

Ciclo de scans: 173692.8 ms en total, 1.73 scans/s (pipeline off)

Memoria: RSS final 336 MiB, pico 336 MiB
Tiempos por scan en: results/opt-kria-gonzalo/noneon/timings.csv
Tiempos de malla en: results/opt-kria-gonzalo/noneon/mesh.csv
	Command being timed: "build-noneon/recon --scans data/ncd_sample/scans --out results/opt-kria-gonzalo/noneon/mesh.ply --timing-csv results/opt-kria-gonzalo/noneon/timings.csv --mesh-csv results/opt-kria-gonzalo/noneon/mesh.csv --mesh-repeats 101 --pipeline off --icp-voxel 1.0"
	User time (seconds): 917.35
	System time (seconds): 9.27
	Percent of CPU this job got: 137%
	Elapsed (wall clock) time (h:mm:ss or m:ss): 11:12.73
	Average shared text size (kbytes): 0
	Average unshared data size (kbytes): 0
	Average stack size (kbytes): 0
	Average total size (kbytes): 0
	Maximum resident set size (kbytes): 346352
	Average resident set size (kbytes): 0
	Major (requiring I/O) page faults: 0
	Minor (reclaiming a frame) page faults: 315210
	Voluntary context switches: 6500
	Involuntary context switches: 19908
	Swaps: 0
	File system inputs: 0
	File system outputs: 99312
	Socket messages sent: 0
	Socket messages received: 0
	Signals delivered: 0
	Page size (bytes): 4096
	Exit status: 0
