Scans encontrados : 300  (se procesan 300)
Voxel TSDF / ICP  : 0.1 m / 1 m
Rango             : [1, 60] m
Filtro            : escalar
Compilador        : 13.3.0
Optimizaciones    : NATIVE=0 LTO=0 SOA_ALIGNED=0
Pipeline          : off

  [   0]   65536 ->   57269 pts      73.9 ms       62 MiB
  [  10]   65536 ->   57244 pts     117.3 ms       89 MiB
  [  20]   65536 ->   56950 pts      80.7 ms       92 MiB
  [  30]   65536 ->   56945 pts      94.3 ms       95 MiB
  [  40]   65536 ->   56454 pts      88.3 ms       97 MiB
  [  50]   65536 ->   56687 pts     110.3 ms       99 MiB
  [  60]   65536 ->   56751 pts     109.4 ms      101 MiB
  [  70]   65536 ->   56419 pts      99.7 ms      103 MiB
  [  80]   65536 ->   56429 pts      92.9 ms      105 MiB
  [  90]   65536 ->   55948 pts     121.4 ms      106 MiB
  [ 100]   65536 ->   56222 pts     117.8 ms      107 MiB
  [ 110]   65536 ->   56157 pts     102.6 ms      108 MiB
  [ 120]   65536 ->   55769 pts     111.9 ms      110 MiB
  [ 130]   65536 ->   55892 pts      79.2 ms      110 MiB
  [ 140]   65536 ->   55656 pts      86.6 ms      112 MiB
  [ 150]   65536 ->   54967 pts      87.3 ms      113 MiB
  [ 160]   65536 ->   54486 pts      98.6 ms      114 MiB
  [ 170]   65536 ->   54481 pts      92.1 ms      115 MiB
  [ 180]   65536 ->   53447 pts      60.2 ms      116 MiB
  [ 190]   65536 ->   53182 pts      49.0 ms      117 MiB
  [ 200]   65536 ->   53484 pts      52.1 ms      118 MiB
  [ 210]   65536 ->   53358 pts      52.8 ms      119 MiB
  [ 220]   65536 ->   53962 pts      55.6 ms      120 MiB
  [ 230]   65536 ->   53697 pts      57.2 ms      122 MiB
  [ 240]   65536 ->   53704 pts      51.9 ms      124 MiB
  [ 250]   65536 ->   54038 pts      69.3 ms      125 MiB
  [ 260]   65536 ->   53890 pts      52.2 ms      128 MiB
  [ 270]   65536 ->   53544 pts      73.5 ms      130 MiB
  [ 280]   65536 ->   53328 pts      58.6 ms      131 MiB
  [ 290]   65536 ->   53294 pts      70.7 ms      134 MiB
  [ 299]   65536 ->   53339 pts     114.4 ms      136 MiB

Extrayendo malla (101 repeticion(es))...
Malla: 851194 vertices, 1476686 triangulos
Guardada en: results/opt-pc1-nicole/base/mesh.ply  (escritura 1094.4 ms)

Tiempo de pared por etapa (300 muestras, ms):
  etapa          media      std      p50      p95      max
  read            0.71     0.15     0.68     0.86     2.88
  filter          0.25     0.04     0.24     0.30     0.72
  convert         0.16     0.05     0.15     0.19     0.89
  register       43.96    22.47    43.06    82.96   108.98
  transform       1.36     0.08     1.35     1.46     2.19
  integrate      38.61     3.74    38.19    43.15    56.25
  TOTAL/scan     85.04    24.99    85.96   126.49   149.09

Extraccion de malla (101 muestras, ms):
  mesh         1056.90    16.08  1054.44  1083.95  1136.59

Ciclo de scans: 25533.0 ms en total, 11.75 scans/s (pipeline off)

Memoria: RSS final 348 MiB, pico 348 MiB
Tiempos por scan en: results/opt-pc1-nicole/base/timings.csv
Tiempos de malla en: results/opt-pc1-nicole/base/mesh.csv
	Command being timed: "build-base/recon --scans data/ncd_sample/scans --out results/opt-pc1-nicole/base/mesh.ply --timing-csv results/opt-pc1-nicole/base/timings.csv --mesh-csv results/opt-pc1-nicole/base/mesh.csv --mesh-repeats 101 --pipeline off --icp-voxel 1.0"
	User time (seconds): 165.84
	System time (seconds): 1.44
	Percent of CPU this job got: 125%
	Elapsed (wall clock) time (h:mm:ss or m:ss): 2:13.47
	Average shared text size (kbytes): 0
	Average unshared data size (kbytes): 0
	Average stack size (kbytes): 0
	Average total size (kbytes): 0
	Maximum resident set size (kbytes): 357216
	Average resident set size (kbytes): 0
	Major (requiring I/O) page faults: 0
	Minor (reclaiming a frame) page faults: 402496
	Voluntary context switches: 5593
	Involuntary context switches: 21974
	Swaps: 0
	File system inputs: 0
	File system outputs: 99296
	Socket messages sent: 0
	Socket messages received: 0
	Signals delivered: 0
	Page size (bytes): 4096
	Exit status: 0
