Scans encontrados : 300  (se procesan 300)
Voxel TSDF / ICP  : 0.1 m / 1 m
Rango             : [1, 60] m
Filtro            : NEON
Compilador        : 11.4.0
Optimizaciones    : NATIVE=1 LTO=0 SOA_ALIGNED=0
Pipeline          : off

  [   0]   65536 ->   57269 pts     403.8 ms       54 MiB
  [  10]   65536 ->   57244 pts     770.6 ms       81 MiB
  [  20]   65536 ->   56950 pts     552.2 ms       84 MiB
  [  30]   65536 ->   56945 pts     640.7 ms       86 MiB
  [  40]   65536 ->   56454 pts     611.4 ms       89 MiB
  [  50]   65536 ->   56687 pts     776.2 ms       91 MiB
  [  60]   65536 ->   56751 pts     776.9 ms       93 MiB
  [  70]   65536 ->   56419 pts     653.5 ms       95 MiB
  [  80]   65536 ->   56429 pts     644.0 ms       97 MiB
  [  90]   65536 ->   55948 pts     855.6 ms       99 MiB
  [ 100]   65536 ->   56222 pts     837.1 ms       99 MiB
  [ 110]   65536 ->   56157 pts     725.3 ms      101 MiB
  [ 120]   65536 ->   55769 pts     780.0 ms      102 MiB
  [ 130]   65536 ->   55892 pts     555.3 ms      103 MiB
  [ 140]   65536 ->   55656 pts     591.8 ms      103 MiB
  [ 150]   65536 ->   54967 pts     603.4 ms      105 MiB
  [ 160]   65536 ->   54486 pts     631.4 ms      105 MiB
  [ 170]   65536 ->   54481 pts     549.4 ms      106 MiB
  [ 180]   65536 ->   53447 pts     423.4 ms      108 MiB
  [ 190]   65536 ->   53183 pts     340.9 ms      109 MiB
  [ 200]   65536 ->   53484 pts     317.8 ms      110 MiB
  [ 210]   65536 ->   53358 pts     364.6 ms      111 MiB
  [ 220]   65536 ->   53962 pts     329.8 ms      112 MiB
  [ 230]   65536 ->   53697 pts     392.9 ms      114 MiB
  [ 240]   65536 ->   53704 pts     365.2 ms      116 MiB
  [ 250]   65536 ->   54038 pts     409.5 ms      117 MiB
  [ 260]   65536 ->   53890 pts     351.7 ms      120 MiB
  [ 270]   65536 ->   53544 pts     506.3 ms      121 MiB
  [ 280]   65536 ->   53328 pts     401.8 ms      124 MiB
  [ 290]   65536 ->   53294 pts     448.3 ms      126 MiB
  [ 299]   65536 ->   53339 pts     697.1 ms      128 MiB

Extrayendo malla (101 repeticion(es))...
Malla: 851194 vertices, 1476683 triangulos
Guardada en: results/opt-kria-gonzalo/native/mesh.ply  (escritura 8870.1 ms)

Tiempo de pared por etapa (300 muestras, ms):
  etapa          media      std      p50      p95      max
  read            4.98     0.21     4.95     5.05     8.15
  filter          2.22     0.09     2.22     2.33     2.86
  convert         0.87     0.10     0.86     0.93     2.42
  register      304.78   163.40   303.54   591.51   803.61
  transform       4.30     0.12     4.32     4.48     4.56
  integrate     260.16    20.76   251.47   288.18   346.23
  TOTAL/scan    577.30   177.32   571.93   882.03  1067.39

Extraccion de malla (101 muestras, ms):
  mesh         4877.91    33.84  4872.96  4907.50  5132.33

Ciclo de scans: 173275.8 ms en total, 1.73 scans/s (pipeline off)

Memoria: RSS final 313 MiB, pico 340 MiB
Tiempos por scan en: results/opt-kria-gonzalo/native/timings.csv
Tiempos de malla en: results/opt-kria-gonzalo/native/mesh.csv
	Command being timed: "build-native/recon --scans data/ncd_sample/scans --out results/opt-kria-gonzalo/native/mesh.ply --timing-csv results/opt-kria-gonzalo/native/timings.csv --mesh-csv results/opt-kria-gonzalo/native/mesh.csv --mesh-repeats 101 --pipeline off --icp-voxel 1.0"
	User time (seconds): 918.13
	System time (seconds): 10.13
	Percent of CPU this job got: 137%
	Elapsed (wall clock) time (h:mm:ss or m:ss): 11:15.05
	Average shared text size (kbytes): 0
	Average unshared data size (kbytes): 0
	Average stack size (kbytes): 0
	Average total size (kbytes): 0
	Maximum resident set size (kbytes): 348452
	Average resident set size (kbytes): 0
	Major (requiring I/O) page faults: 0
	Minor (reclaiming a frame) page faults: 430368
	Voluntary context switches: 6377
	Involuntary context switches: 17690
	Swaps: 0
	File system inputs: 0
	File system outputs: 99304
	Socket messages sent: 0
	Socket messages received: 0
	Signals delivered: 0
	Page size (bytes): 4096
	Exit status: 0
