Scans encontrados : 300  (se procesan 300)
Voxel TSDF / ICP  : 0.1 m / 1 m
Rango             : [1, 60] m
Filtro            : NEON
Compilador        : 11.4.0
Optimizaciones    : NATIVE=0 LTO=0 SOA_ALIGNED=0
Pipeline          : prefetch

  [   0]   65536 ->   57269 pts     409.7 ms       60 MiB
  [  10]   65536 ->   57244 pts     775.7 ms       87 MiB
  [  20]   65536 ->   56950 pts     557.0 ms       91 MiB
  [  30]   65536 ->   56945 pts     645.5 ms       93 MiB
  [  40]   65536 ->   56454 pts     615.1 ms       95 MiB
  [  50]   65536 ->   56687 pts     781.0 ms       98 MiB
  [  60]   65536 ->   56751 pts     774.9 ms      100 MiB
  [  70]   65536 ->   56419 pts     663.3 ms      101 MiB
  [  80]   65536 ->   56429 pts     648.3 ms      103 MiB
  [  90]   65536 ->   55948 pts     858.8 ms      105 MiB
  [ 100]   65536 ->   56222 pts     842.0 ms      106 MiB
  [ 110]   65536 ->   56157 pts     730.2 ms      107 MiB
  [ 120]   65536 ->   55769 pts     786.4 ms      108 MiB
  [ 130]   65536 ->   55892 pts     556.3 ms      109 MiB
  [ 140]   65536 ->   55656 pts     595.7 ms      110 MiB
  [ 150]   65536 ->   54967 pts     606.6 ms      111 MiB
  [ 160]   65536 ->   54486 pts     634.8 ms      112 MiB
  [ 170]   65536 ->   54481 pts     553.0 ms      113 MiB
  [ 180]   65536 ->   53447 pts     425.8 ms      114 MiB
  [ 190]   65536 ->   53183 pts     343.1 ms      115 MiB
  [ 200]   65536 ->   53484 pts     319.5 ms      116 MiB
  [ 210]   65536 ->   53358 pts     365.9 ms      118 MiB
  [ 220]   65536 ->   53962 pts     331.9 ms      119 MiB
  [ 230]   65536 ->   53697 pts     396.6 ms      121 MiB
  [ 240]   65536 ->   53704 pts     367.5 ms      122 MiB
  [ 250]   65536 ->   54038 pts     411.5 ms      124 MiB
  [ 260]   65536 ->   53890 pts     353.4 ms      126 MiB
  [ 270]   65536 ->   53544 pts     510.8 ms      129 MiB
  [ 280]   65536 ->   53328 pts     404.7 ms      131 MiB
  [ 290]   65536 ->   53294 pts     451.9 ms      134 MiB
  [ 299]   65536 ->   53339 pts     700.3 ms      136 MiB

Extrayendo malla (101 repeticion(es))...
Malla: 851194 vertices, 1476683 triangulos
Guardada en: results/opt-kria-gonzalo/prefetch/mesh.ply  (escritura 8986.8 ms)

Tiempo de pared por etapa (300 muestras, ms):
  etapa          media      std      p50      p95      max
  read            5.41     0.29     5.37     5.51     8.37
  filter          2.70     0.08     2.69     2.81     3.04
  convert         0.98     0.09     0.98     1.06     2.43
  register      307.29   163.66   305.26   595.62   809.56
  transform       4.47     0.26     4.47     4.63     8.40
  integrate     260.63    21.55   251.84   289.89   348.56
  TOTAL/scan    581.49   178.10   576.16   877.87  1074.44

Extraccion de malla (101 muestras, ms):
  mesh         4872.98    34.77  4862.28  4912.82  5139.35

Ciclo de scans: 171808.3 ms en total, 1.75 scans/s (pipeline prefetch)

Memoria: RSS final 338 MiB, pico 356 MiB
Tiempos por scan en: results/opt-kria-gonzalo/prefetch/timings.csv
Tiempos de malla en: results/opt-kria-gonzalo/prefetch/mesh.csv
	Command being timed: "build-base/recon --scans data/ncd_sample/scans --out results/opt-kria-gonzalo/prefetch/mesh.ply --timing-csv results/opt-kria-gonzalo/prefetch/timings.csv --mesh-csv results/opt-kria-gonzalo/prefetch/mesh.csv --mesh-repeats 101 --pipeline prefetch --icp-voxel 1.0"
	User time (seconds): 920.54
	System time (seconds): 9.49
	Percent of CPU this job got: 138%
	Elapsed (wall clock) time (h:mm:ss or m:ss): 11:13.21
	Average shared text size (kbytes): 0
	Average unshared data size (kbytes): 0
	Average stack size (kbytes): 0
	Average total size (kbytes): 0
	Maximum resident set size (kbytes): 364560
	Average resident set size (kbytes): 0
	Major (requiring I/O) page faults: 0
	Minor (reclaiming a frame) page faults: 327838
	Voluntary context switches: 6456
	Involuntary context switches: 19292
	Swaps: 0
	File system inputs: 0
	File system outputs: 99304
	Socket messages sent: 0
	Socket messages received: 0
	Signals delivered: 0
	Page size (bytes): 4096
	Exit status: 0
